[large-lifecycle-826295.framer.app/index.html]
[backblue.gif]
[fade.gif]
[index.html]
[framerusercontent.com/images/dZFv5W837wVPEe8vzPeTqZBoMRA.png]
[framerusercontent.com/images/DwPLIu832yP2dZ2PlJuFHJlY0.jpg]
[framerusercontent.com/images/HowmrQKMjv4J2RQAp5h9XISrO0E.jpg]
[framerusercontent.com/images/OWRKyo7wdaCEBYCGswlPbEYfsDE.jpg]
[framerusercontent.com/images/VSgmTjB3esAIEBsN8zmH3e0KUEo.png]
[framerusercontent.com/images/EvCKA7o2VdatFHO6aOdjbIXWTEU.png]
[large-lifecycle-826295.framer.app/projects.html]
[framerusercontent.com/images/u2UATo8uAGFAIFxOqrhf4e9ncwE.jpg]
[framerusercontent.com/images/1HzIAcsVQRjjd726yNNoB9E3E4.png]
[framerusercontent.com/images/cj6paVGRhW580GPeBPRmpmaXKY.png]
[framerusercontent.com/images/rIRLprwNdsjH8v6vKiovBVtDDUI.png]
[framerusercontent.com/images/lw9xr6krHQNaslmEHxub3OhhUp8.png]
[large-lifecycle-826295.framer.app/join-our-team.html]
[framerusercontent.com/images/LFnQXh6srumwVVF4HWEycyIuG0Q17f5.png]
[framerusercontent.com/images/UTixYtYPsd5TN5Kmj8fqigwo.png]
[framerusercontent.com/images/4wjZwfbCu9WSrGLaPidnqyFVOiY.png]
[framerusercontent.com/images/gGAnXJ8rzjZeTLo3eb3ZG21sqlY.png]
[framerusercontent.com/images/foZOt3UpapnEFFuIGeQnIZu12vg.png]
[large-lifecycle-826295.framer.app/get-a-quote.html]
[large-lifecycle-826295.framer.app/projects/huggl-2-0-website-made-in-framer.html]
[framerusercontent.com/images/eXmDMzjaPw3mPB3gWgVxlv0WjQ.png]
[large-lifecycle-826295.framer.app/projects/payble-website-made-in-framer.html]
[framerusercontent.com/images/4GRQXILMZys5PdVn4VHjCVkJ17w.png]
[large-lifecycle-826295.framer.app/projects/pepper-website-made-in-framer.html]
[framerusercontent.com/images/bHoMJycEVIqbQuBZGPglGrRGd0.png]
[large-lifecycle-826295.framer.app/projects/brightsites-website-made-in-framer.html]
[framerusercontent.com/images/yX9Gl8pNA4l5Vs5YOVxoGyoFYWU.png]
[large-lifecycle-826295.framer.app/projects/healthwell-website-made-in-framer.html]
[framerusercontent.com/images/bJwEJr6t7QDk4iUVUFjAxTz5TLs.png]
[large-lifecycle-826295.framer.app/projects/avenzor-designer-potrtfolio.html]
[large-lifecycle-826295.framer.app/projects/plywood-artist-potrtfolio-made-in-framer.html]
[large-lifecycle-826295.framer.app/projects/huggl-1-0-website-made-in-framer.html]
[large-lifecycle-826295.framer.app/projects/charmant-website-made-in-framer.html]
[large-lifecycle-826295.framer.app/projects/predict-website-made-in-framer.html]
[framerusercontent.com/images/TeLjhJiSPxgMNWneUa2e2Zo.png]
[large-lifecycle-826295.framer.app/projects/reify-website-made-in-framer.html]
[framerusercontent.com/images/j81hNjMX2g5xuwiXlJUK8leOn8.png]
[large-lifecycle-826295.framer.app/projects/cohesion-website-made-in-framer.html]
[framerusercontent.com/images/96Z6IpQA2x5XwidjMZuMofmk.png]
[large-lifecycle-826295.framer.app/projects/thelist-website-made-in-framer.html]
[framerusercontent.com/images/U17ACrkV5zHAucqLaq7Q9CMxs.png]
[large-lifecycle-826295.framer.app/projects/agentic-website-made-in-framer.html]
[framerusercontent.com/images/F9ItJKTAQz15i1S6qknTAB0aK4.png]
[large-lifecycle-826295.framer.app/projects/bento-vibe-website-made-in-framer.html]
[large-lifecycle-826295.framer.app/index.html]
[framerusercontent.com/images/VJPGz1lBuztFMxNyhERNAjaLBE.png]
[large-lifecycle-826295.framer.app/projects/zenzap-website-made-in-framer.html]
[framerusercontent.com/images/5ksTtVHercnFjCxzvMrntYNs.png]
[large-lifecycle-826295.framer.app/projects/vervedent-website-made-in-framer.html]
[framerusercontent.com/images/yHh8kUfog0syvwiJGzqXOkCKi4.png]
[large-lifecycle-826295.framer.app/projects/learny-website-made-in-framer.html]
[framerusercontent.com/images/Mi1aEdN6cqtw1DQeEcqBshLVr8.png]
[large-lifecycle-826295.framer.app/projects/apex-wallet-website-made-in-framer.html]
[framerusercontent.com/images/ZtzMb2ZPbld4kR7jazctr3m3p5E.png]
[large-lifecycle-826295.framer.app/projects/teameave-website-made-in-framer.html]
[framerusercontent.com/images/oaAP8Rr4BHS2JAPgvO6z6uFZ3B4.png]
[large-lifecycle-826295.framer.app/projects/wanted-website-made-in-framer.html]
[framerusercontent.com/images/BCjxJNSzML3x4CNO9UBUrBetvUg.png]
[large-lifecycle-826295.framer.app/projects/device-website-made-in-framer.html]
[framerusercontent.com/images/TY3HGhkVvRdL5nbxWDsRbyuyrc.png]
[large-lifecycle-826295.framer.app/projects/darko-website-made-in-framer.html]
[framerusercontent.com/images/sH1ZfyI7V0Gt4W2fcstFnxd5m0.png]
[large-lifecycle-826295.framer.app/projects/kombo-website-made-in-framer.html]
[framerusercontent.com/images/mVCx0wrIO7QWuR1pzMTeREYio.png]
[large-lifecycle-826295.framer.app/projects/roco-website-made-in-framer.html]
[framerusercontent.com/images/VGyAuPOsUvtu2sGlXdKzT6qAzk.png]
[large-lifecycle-826295.framer.app/projects/spendly-website-made-in-framer.html]
[framerusercontent.com/images/xJNjKGARivihW6XpdhPqwfka8YE.png]
[large-lifecycle-826295.framer.app/projects/kong-website-made-in-framer.html]
[framerusercontent.com/images/RL9cAlTDQhKXz4hGcy1NVjv9rc.png]
[large-lifecycle-826295.framer.app/projects/vector-website-made-in-framer.html]
[framerusercontent.com/images/axYvLIm0sST79Fsifr5gWXva4g.png]
[large-lifecycle-826295.framer.app/projects/artspotter-website-made-in-framer.html]
[framerusercontent.com/images/HsEcPLSDrdQmGlIZNFMjBImlU.png]
[large-lifecycle-826295.framer.app/projects/the-decor-website-made-in-framer.html]
[framerusercontent.com/images/ja5CtT5R7XnYukP4GloloPnbNi8.png]
[large-lifecycle-826295.framer.app/projects/feedo-website-made-in-framer.html]
[framerusercontent.com/images/iWUYQ8uMX6FvzvW391pJrz41k.png]
[large-lifecycle-826295.framer.app/projects/bookease-website-made-in-framer.html]
[framerusercontent.com/images/TktvfUgrEsymymWmf6xTicO5eFA.png]
[large-lifecycle-826295.framer.app/projects/architek-website-made-in-framer.html]
[framerusercontent.com/images/VduIpLAOEMnKQMgkS3FHAowZKU.png]
[large-lifecycle-826295.framer.app/projects/lookfolio-website-made-in-framer.html]
[large-lifecycle-826295.framer.app/projects.html]
[framerusercontent.com/images/MJQETh0ItjNUeOc2svtgY4TM.png]
[large-lifecycle-826295.framer.app/join-our-team.html]
[large-lifecycle-826295.framer.app/get-a-quote.html]
[framerusercontent.com/images/HiplYnlMmChvw3S7mlL6ZCjjxA.jpg]
[framerusercontent.com/images/IODN9hrAwdV0aRPJvspPpwUwGKs.jpg]
[framerusercontent.com/images/SdzDO93CZgvdl7IdtrlYcFHtdE.jpg]
[large-lifecycle-826295.framer.app/projects/huggl-2-0-website-made-in-framer.html]
[framerusercontent.com/images/HpgjavggBMzXKwGtXTbtRLUNw.jpg]
[framerusercontent.com/images/9ibdIXK9R2qudb6aTea434eZZY.jpg]
[large-lifecycle-826295.framer.app/projects/payble-website-made-in-framer.html]
[framerusercontent.com/images/kgKVvQnohp94gqkaSblVUj2RRuc.jpg]
[framerusercontent.com/images/jKeRxDY8L2YHiqYGNBR4lMO3Q.png]
[framerusercontent.com/images/bQMIhO7Wd3tlMVA5O5EFFPo8cQ.png]
[framerusercontent.com/images/wyBwnujAnwjd53EEub2O3Jnb1yI.png]
[large-lifecycle-826295.framer.app/projects/pepper-website-made-in-framer.html]
[framerusercontent.com/images/FKg22tE9mNtcNRvK3lYDA7DYw.png]
[framerusercontent.com/images/Wu0H4t7yg2FWaOt6nn2LFrY9aY8.png]
[framerusercontent.com/images/akGHUjlMdGq3yV5obgryXkr3OLs.png]
[large-lifecycle-826295.framer.app/projects/brightsites-website-made-in-framer.html]
[framerusercontent.com/images/o7nuIhLAAETB3Wepq8RCBJhOqE.png]
[framerusercontent.com/images/ehKtmvKLuCEYSWoYz7qSv3Bgo5c.png]
[framerusercontent.com/images/x9UehujPwUn5SEv1n8yLm9aO9Y.png]
[large-lifecycle-826295.framer.app/projects/healthwell-website-made-in-framer.html]
[framerusercontent.com/images/oj8EPBqpNBwuCM4zL89WycjET4.jpg]
[framerusercontent.com/images/HL6f4UTEpSESYaQLdAkCgdiYXw.jpg]
[framerusercontent.com/images/CbJAoBawJNNLGdIQg1rwgaV0TM.jpg]
[large-lifecycle-826295.framer.app/projects/avenzor-designer-potrtfolio.html]
[framerusercontent.com/images/Ksn1u9CTJBE4EZsNu1LCzo8uB54.jpg]
[framerusercontent.com/images/9tPrVhSpuzxzbvYigFsnop8aSo.jpg]
[large-lifecycle-826295.framer.app/projects/plywood-artist-potrtfolio-made-in-framer.html]
[framerusercontent.com/images/KaWFjyf7kQrZHJ7AIpaiUmFvbDM.jpg]
[framerusercontent.com/images/cuHbNZtjbqeB6s1FpG8Pqql28Kw.jpg]
[framerusercontent.com/images/NqlGgdQJXtpC8KhjCEnud4aVOl4.jpg]
[large-lifecycle-826295.framer.app/projects/huggl-1-0-website-made-in-framer.html]
[framerusercontent.com/images/SrGQXxbNaXFEJMJoEaALIbSus.png]
[framerusercontent.com/images/ohsPV3eVlCrFQqFhppCh8OIEy0.png]
[framerusercontent.com/images/Jx28wS1y26lsMcX0lkFe0zBjYY.png]
[large-lifecycle-826295.framer.app/projects/charmant-website-made-in-framer.html]
[framerusercontent.com/images/8ia1S6hQUeYkY3RBcy5TuV4E.png]
[framerusercontent.com/images/CgmT8XcIqvY8PydCc2soY1T6gQ.png]
[framerusercontent.com/images/v6fIcMKDnMoNPVAMECobOvNhw.png]
[large-lifecycle-826295.framer.app/projects/predict-website-made-in-framer.html]
[framerusercontent.com/images/BJAYxdYT6jqNkEDrfxzF7yH7B9M.png]
[framerusercontent.com/images/Yi6CBjrwkwyAUQGfwfEOqXcZH4.png]
[framerusercontent.com/images/BQqmHKUeR024s1z2bt6d7A6ygXU.png]
[large-lifecycle-826295.framer.app/projects/reify-website-made-in-framer.html]
[framerusercontent.com/images/PxN3rvKYtPt7wi6VrCv5hPVK88.jpg]
[framerusercontent.com/images/9akmCZah0KtTWCDWKtRx8yOAkI.jpg]
[framerusercontent.com/images/KqrrCVhxwGKfTC6em4ICMQD5ZA.jpg]
[large-lifecycle-826295.framer.app/projects/cohesion-website-made-in-framer.html]
[framerusercontent.com/images/Kmq18T240twMP4p4FhdKsKr81g.jpg]
[framerusercontent.com/images/QfImUNjSikWUJV3SbestldUWWs0.jpg]
[framerusercontent.com/images/BeChdaDftftFd0FTUNtFVDqFPe4.jpg]
[large-lifecycle-826295.framer.app/projects/thelist-website-made-in-framer.html]
[framerusercontent.com/images/EcdJ2iv4fZXaUpOIszNdshvtX7E.png]
[framerusercontent.com/images/3vN5ofRgksXnIqSjkrypLvF7dZg.png]
[framerusercontent.com/images/5MCMSWY5UivAdPTo4CxYr2ZpA.png]
[large-lifecycle-826295.framer.app/projects/agentic-website-made-in-framer.html]
[framerusercontent.com/images/1Xkk5ydrlGqTEV54GYdGJjXto.png]
[framerusercontent.com/images/vA6OOVPGPkYn5JJ5Jxun7KRohD8.png]
[framerusercontent.com/images/COTYCj1yf70megqAtIMkyzmyd4Y.png]
[large-lifecycle-826295.framer.app/projects/bento-vibe-website-made-in-framer.html]
[framerusercontent.com/images/GHLPO8P8lZY1nKSRrWQyo8snqSs.png]
[framerusercontent.com/images/9habCKrEboRJrvGePG4VI6AEO84.png]
[framerusercontent.com/images/QpSW5bQGfGFHIV1wwQ2OTEHAcw.png]
[large-lifecycle-826295.framer.app/projects/zenzap-website-made-in-framer.html]
[framerusercontent.com/images/IGRi4Al6L6fopFSCBEa54pXjoS8.png]
[framerusercontent.com/images/TpAweUgZabQk1WQyMtuIdQTW8tI.png]
[framerusercontent.com/images/VS2YlDVtaLlJWRsjE5OIm8OaQU.png]
[large-lifecycle-826295.framer.app/projects/vervedent-website-made-in-framer.html]
[framerusercontent.com/images/V2v7yxlo9upehz4ZH2X6gr94AWM.png]
[framerusercontent.com/images/5LwCyIiXr51Z7Co6zzNEcnCLA.png]
[large-lifecycle-826295.framer.app/projects/learny-website-made-in-framer.html]
[framerusercontent.com/images/GpnmgzsRExUv6bwyok0ma5ecBc8.png]
[framerusercontent.com/images/AnvrmnbOCsyUhMqa9LsYsKC4M.png]
[framerusercontent.com/images/XdG6v413xfqOMTFZqWQDA6SgxEQ.png]
[framerusercontent.com/images/A0JmmDXtYm3UZLHf2qsuc6qAJM.png]
[large-lifecycle-826295.framer.app/projects/apex-wallet-website-made-in-framer.html]
[framerusercontent.com/images/2TCYOf0jTYHuUCJLjvaLanT0Sp0.png]
[framerusercontent.com/images/4A3QkYVnwLNgNQhJhWTB7OM4ug.png]
[framerusercontent.com/images/kqDDojFg52alvXUV5dIc06ejGI.png]
[large-lifecycle-826295.framer.app/projects/teameave-website-made-in-framer.html]
[framerusercontent.com/images/UWZA4OMQGWOGJvIkJOmUVMWjhKM.png]
[framerusercontent.com/images/JFZtdDOBQKq61Lp9rYgQxwLAGA.png]
[framerusercontent.com/images/gEvZlJ3AevPm3CebICHZ8fgO30.png]
[large-lifecycle-826295.framer.app/projects/wanted-website-made-in-framer.html]
[framerusercontent.com/images/WUQj7dVFHEKrsW7fz3vlF1EXlh8.png]
[framerusercontent.com/images/x8HhRHBZkirHdsq1RcOEX7Jwg.png]
[framerusercontent.com/images/ZaD6DGOI2XV7Yowmt1xCiz7P8.png]
[large-lifecycle-826295.framer.app/projects/device-website-made-in-framer.html]
[framerusercontent.com/images/xOpHUSkEdMBbyQtrbvS36v2HEQ.png]
[framerusercontent.com/images/VvKbZIL7zOOUNH6VaQ0UNVtBx4I.png]
[framerusercontent.com/images/9zljJROVLSokyBnYzERM5BRVUU.png]
[large-lifecycle-826295.framer.app/projects/darko-website-made-in-framer.html]
[framerusercontent.com/images/pWr7RJJgq0CvU1d40isugPwujz8.png]
[framerusercontent.com/images/Epgc5DZdahoEfw50LZwFXLGCD8.png]
[framerusercontent.com/images/MEbTQTWl0S0kvLFSItFUMlFSPeY.png]
[large-lifecycle-826295.framer.app/projects/kombo-website-made-in-framer.html]
[framerusercontent.com/images/wNbgGVRMppt3Q2GaIdWrGfUGHfM.png]
[framerusercontent.com/images/LpNi3xAZ2cOqVf2Zq6N360baoXw.png]
[framerusercontent.com/images/70tUejUvCPIJCFynX0VZP0XM.png]
[large-lifecycle-826295.framer.app/projects/roco-website-made-in-framer.html]
[framerusercontent.com/images/25xGRldisvtW9CBidt3LE3kg.png]
[framerusercontent.com/images/slB5DNfQxWvonzlIjMRGpZtvJM.png]
[framerusercontent.com/images/Epu5FBH2fnLixYW3YH5yVcxNSKs.png]
[large-lifecycle-826295.framer.app/projects/spendly-website-made-in-framer.html]
[framerusercontent.com/images/7kfzv3uKj47hqmWqD3xT2f58pd4.png]
[framerusercontent.com/images/SroMNVAuXEPUTb1biUJcM32obk.png]
[large-lifecycle-826295.framer.app/projects/kong-website-made-in-framer.html]
[framerusercontent.com/images/EpToYFK5swpy9c0rhKpS2orFLA.png]
[framerusercontent.com/images/yWu2lC4CbwbP8UVM2wHZoy4j20.png]
[framerusercontent.com/images/RgrQlCzPZ1abvK5E62fCvkIMM.png]
[framerusercontent.com/images/kOMmOVjqR0ELY1fxqlLpwSYPas8.png]
[large-lifecycle-826295.framer.app/projects/vector-website-made-in-framer.html]
[framerusercontent.com/images/kol9YTk8fJPycXhtoSJUd19OuMA.png]
[framerusercontent.com/images/iOQjNy4gLZ2Oo1Pjf0L8ujSOk0.png]
[framerusercontent.com/images/yehAea9lQBdM10fYVXM930CkRGE.png]
[large-lifecycle-826295.framer.app/projects/artspotter-website-made-in-framer.html]
[framerusercontent.com/images/q6kMDfKXSRBSyakDb1WKCUeNc.png]
[framerusercontent.com/images/HVlOzKIwIIwJNcqDKfv66FNWHs.png]
[framerusercontent.com/images/u5aez0JSrWbNFFBvBx7BL7khX0.png]
[large-lifecycle-826295.framer.app/projects/the-decor-website-made-in-framer.html]
[framerusercontent.com/images/vztDnAWmLqG7xGKhoDSD8CxdW9I.png]
[framerusercontent.com/images/EYaEkvHVckgDA3N4XX6BdO27U.png]
[framerusercontent.com/images/0Xg3AJ7tU7ka5KQaBqsAQ0AMeo.png]
[large-lifecycle-826295.framer.app/projects/feedo-website-made-in-framer.html]
[framerusercontent.com/images/jK9KVaEZFL9Ccu10MK5X0kQDuA.png]
[framerusercontent.com/images/2rEmwjz1mP82Q4yB3Mv1PssoFM.png]
[framerusercontent.com/images/BwYuhXMW4Lau2j9zCJHEUcEzc.png]
[large-lifecycle-826295.framer.app/projects/bookease-website-made-in-framer.html]
[framerusercontent.com/images/SPTtCR1Uya723tViQaiiyoGjFg.png]
[framerusercontent.com/images/0MU5hw7ehKLwdCaVyEzxhF6Msc.png]
[framerusercontent.com/images/JFj6OAGQDD650uVs0Vz23Etsjo.png]
[large-lifecycle-826295.framer.app/projects/architek-website-made-in-framer.html]
[framerusercontent.com/images/iaMppYnstnKa9uRS8bDo13OKGQ.png]
[framerusercontent.com/images/QE1SU2nj7hXjuuo0yQbSBRMEWE0.png]
[framerusercontent.com/images/u0hGHYtXWbtzEdqO6R9MUW9DfLI.png]
[large-lifecycle-826295.framer.app/projects/lookfolio-website-made-in-framer.html]
